Archive member included to satisfy reference by file (symbol)

c:/st/stm32cubeide_1.7.0/stm32cubeide/plugins/com.st.stm32cube.ide.mcu.externaltools.gnu-tools-for-stm32.9-2020-q2-update.win32_2.0.0.202105311346/tools/bin/../lib/gcc/arm-none-eabi/9.3.1/../../../../arm-none-eabi/lib/thumb/v7-m/nofp\libc_nano.a(lib_a-errno.o)
                              ./Core/Src/syscalls.o (__errno)
c:/st/stm32cubeide_1.7.0/stm32cubeide/plugins/com.st.stm32cube.ide.mcu.externaltools.gnu-tools-for-stm32.9-2020-q2-update.win32_2.0.0.202105311346/tools/bin/../lib/gcc/arm-none-eabi/9.3.1/../../../../arm-none-eabi/lib/thumb/v7-m/nofp\libc_nano.a(lib_a-exit.o)
                              c:/st/stm32cubeide_1.7.0/stm32cubeide/plugins/com.st.stm32cube.ide.mcu.externaltools.gnu-tools-for-stm32.9-2020-q2-update.win32_2.0.0.202105311346/tools/bin/../lib/gcc/arm-none-eabi/9.3.1/../../../../arm-none-eabi/lib/thumb/v7-m/nofp/crt0.o (exit)
c:/st/stm32cubeide_1.7.0/stm32cubeide/plugins/com.st.stm32cube.ide.mcu.externaltools.gnu-tools-for-stm32.9-2020-q2-update.win32_2.0.0.202105311346/tools/bin/../lib/gcc/arm-none-eabi/9.3.1/../../../../arm-none-eabi/lib/thumb/v7-m/nofp\libc_nano.a(lib_a-impure.o)
                              c:/st/stm32cubeide_1.7.0/stm32cubeide/plugins/com.st.stm32cube.ide.mcu.externaltools.gnu-tools-for-stm32.9-2020-q2-update.win32_2.0.0.202105311346/tools/bin/../lib/gcc/arm-none-eabi/9.3.1/../../../../arm-none-eabi/lib/thumb/v7-m/nofp\libc_nano.a(lib_a-exit.o) (_global_impure_ptr)
c:/st/stm32cubeide_1.7.0/stm32cubeide/plugins/com.st.stm32cube.ide.mcu.externaltools.gnu-tools-for-stm32.9-2020-q2-update.win32_2.0.0.202105311346/tools/bin/../lib/gcc/arm-none-eabi/9.3.1/../../../../arm-none-eabi/lib/thumb/v7-m/nofp\libc_nano.a(lib_a-init.o)
                              c:/st/stm32cubeide_1.7.0/stm32cubeide/plugins/com.st.stm32cube.ide.mcu.externaltools.gnu-tools-for-stm32.9-2020-q2-update.win32_2.0.0.202105311346/tools/bin/../lib/gcc/arm-none-eabi/9.3.1/../../../../arm-none-eabi/lib/thumb/v7-m/nofp/crt0.o (__libc_init_array)
c:/st/stm32cubeide_1.7.0/stm32cubeide/plugins/com.st.stm32cube.ide.mcu.externaltools.gnu-tools-for-stm32.9-2020-q2-update.win32_2.0.0.202105311346/tools/bin/../lib/gcc/arm-none-eabi/9.3.1/../../../../arm-none-eabi/lib/thumb/v7-m/nofp\libc_nano.a(lib_a-memset.o)
                              c:/st/stm32cubeide_1.7.0/stm32cubeide/plugins/com.st.stm32cube.ide.mcu.externaltools.gnu-tools-for-stm32.9-2020-q2-update.win32_2.0.0.202105311346/tools/bin/../lib/gcc/arm-none-eabi/9.3.1/../../../../arm-none-eabi/lib/thumb/v7-m/nofp/crt0.o (memset)

Allocating common symbols
Common symbol       size              file

uwTick              0x4               ./Drivers/STM32F1xx_HAL_Driver/Src/stm32f1xx_hal.o
pFlash              0x20              ./Drivers/STM32F1xx_HAL_Driver/Src/stm32f1xx_hal_flash.o
htim2               0x48              ./Core/Src/main.o

Discarded input sections

 .text          0x0000000000000000        0x0 c:/st/stm32cubeide_1.7.0/stm32cubeide/plugins/com.st.stm32cube.ide.mcu.externaltools.gnu-tools-for-stm32.9-2020-q2-update.win32_2.0.0.202105311346/tools/bin/../lib/gcc/arm-none-eabi/9.3.1/thumb/v7-m/nofp/crti.o
 .data          0x0000000000000000        0x0 c:/st/stm32cubeide_1.7.0/stm32cubeide/plugins/com.st.stm32cube.ide.mcu.externaltools.gnu-tools-for-stm32.9-2020-q2-update.win32_2.0.0.202105311346/tools/bin/../lib/gcc/arm-none-eabi/9.3.1/thumb/v7-m/nofp/crti.o
 .bss           0x0000000000000000        0x0 c:/st/stm32cubeide_1.7.0/stm32cubeide/plugins/com.st.stm32cube.ide.mcu.externaltools.gnu-tools-for-stm32.9-2020-q2-update.win32_2.0.0.202105311346/tools/bin/../lib/gcc/arm-none-eabi/9.3.1/thumb/v7-m/nofp/crti.o
 .data          0x0000000000000000        0x4 c:/st/stm32cubeide_1.7.0/stm32cubeide/plugins/com.st.stm32cube.ide.mcu.externaltools.gnu-tools-for-stm32.9-2020-q2-update.win32_2.0.0.202105311346/tools/bin/../lib/gcc/arm-none-eabi/9.3.1/thumb/v7-m/nofp/crtbegin.o
 .text          0x0000000000000000       0x7c c:/st/stm32cubeide_1.7.0/stm32cubeide/plugins/com.st.stm32cube.ide.mcu.externaltools.gnu-tools-for-stm32.9-2020-q2-update.win32_2.0.0.202105311346/tools/bin/../lib/gcc/arm-none-eabi/9.3.1/../../../../arm-none-eabi/lib/thumb/v7-m/nofp/crt0.o
 .data          0x0000000000000000        0x0 c:/st/stm32cubeide_1.7.0/stm32cubeide/plugins/com.st.stm32cube.ide.mcu.externaltools.gnu-tools-for-stm32.9-2020-q2-update.win32_2.0.0.202105311346/tools/bin/../lib/gcc/arm-none-eabi/9.3.1/../../../../arm-none-eabi/lib/thumb/v7-m/nofp/crt0.o
 .bss           0x0000000000000000        0x0 c:/st/stm32cubeide_1.7.0/stm32cubeide/plugins/com.st.stm32cube.ide.mcu.externaltools.gnu-tools-for-stm32.9-2020-q2-update.win32_2.0.0.202105311346/tools/bin/../lib/gcc/arm-none-eabi/9.3.1/../../../../arm-none-eabi/lib/thumb/v7-m/nofp/crt0.o
[...]
Memory Configuration

Name             Origin             Length             Attributes
RAM              0x0000000020000000 0x0000000000002800 xrw
FLASH            0x0000000008000000 0x0000000000008000 xr
*default*        0x0000000000000000 0xffffffffffffffff

Linker script and memory map

LOAD c:/st/stm32cubeide_1.7.0/stm32cubeide/plugins/com.st.stm32cube.ide.mcu.externaltools.gnu-tools-for-stm32.9-2020-q2-update.win32_2.0.0.202105311346/tools/bin/../lib/gcc/arm-none-eabi/9.3.1/thumb/v7-m/nofp/crti.o
LOAD c:/st/stm32cubeide_1.7.0/stm32cubeide/plugins/com.st.stm32cube.ide.mcu.externaltools.gnu-tools-for-stm32.9-2020-q2-update.win32_2.0.0.202105311346/tools/bin/../lib/gcc/arm-none-eabi/9.3.1/thumb/v7-m/nofp/crtbegin.o
LOAD c:/st/stm32cubeide_1.7.0/stm32cubeide/plugins/com.st.stm32cube.ide.mcu.externaltools.gnu-tools-for-stm32.9-2020-q2-update.win32_2.0.0.202105311346/tools/bin/../lib/gcc/arm-none-eabi/9.3.1/../../../../arm-none-eabi/lib/thumb/v7-m/nofp/crt0.o
LOAD ./Core/Src/display.o
LOAD ./Core/Src/display7SEG.o
LOAD ./Core/Src/fsm_automatic.o
LOAD ./Core/Src/global.o
LOAD ./Core/Src/input_processing.o
LOAD ./Core/Src/input_reading.o
LOAD ./Core/Src/main.o
LOAD ./Core/Src/software_timer.o
LOAD ./Core/Src/stm32f1xx_hal_msp.o
LOAD ./Core/Src/stm32f1xx_it.o
LOAD ./Core/Src/syscalls.o
LOAD ./Core/Src/sysmem.o
LOAD ./Core/Src/system_stm32f1xx.o
LOAD ./Core/Startup/startup_stm32f103c6ux.o
LOAD ./Drivers/STM32F1xx_HAL_Driver/Src/stm32f1xx_hal.o
LOAD ./Drivers/STM32F1xx_HAL_Driver/Src/stm32f1xx_hal_cortex.o
LOAD ./Drivers/STM32F1xx_HAL_Driver/Src/stm32f1xx_hal_dma.o
LOAD ./Drivers/STM32F1xx_HAL_Driver/Src/stm32f1xx_hal_exti.o
LOAD ./Drivers/STM32F1xx_HAL_Driver/Src/stm32f1xx_hal_flash.o
LOAD ./Drivers/STM32F1xx_HAL_Driver/Src/stm32f1xx_hal_flash_ex.o
LOAD ./Drivers/STM32F1xx_HAL_Driver/Src/stm32f1xx_hal_gpio.o
LOAD ./Drivers/STM32F1xx_HAL_Driver/Src/stm32f1xx_hal_gpio_ex.o
LOAD ./Drivers/STM32F1xx_HAL_Driver/Src/stm32f1xx_hal_pwr.o
LOAD ./Drivers/STM32F1xx_HAL_Driver/Src/stm32f1xx_hal_rcc.o
LOAD ./Drivers/STM32F1xx_HAL_Driver/Src/stm32f1xx_hal_rcc_ex.o
LOAD ./Drivers/STM32F1xx_HAL_Driver/Src/stm32f1xx_hal_tim.o
LOAD ./Drivers/STM32F1xx_HAL_Driver/Src/stm32f1xx_hal_tim_ex.o
START GROUP
LOAD c:/st/stm32cubeide_1.7.0/stm32cubeide/plugins/com.st.stm32cube.ide.mcu.externaltools.gnu-tools-for-stm32.9-2020-q2-update.win32_2.0.0.202105311346/tools/bin/../lib/gcc/arm-none-eabi/9.3.1/../../../../arm-none-eabi/lib/thumb/v7-m/nofp\libc_nano.a
LOAD c:/st/stm32cubeide_1.7.0/stm32cubeide/plugins/com.st.stm32cube.ide.mcu.externaltools.gnu-tools-for-stm32.9-2020-q2-update.win32_2.0.0.202105311346/tools/bin/../lib/gcc/arm-none-eabi/9.3.1/../../../../arm-none-eabi/lib/thumb/v7-m/nofp\libm.a
END GROUP
START GROUP
LOAD c:/st/stm32cubeide_1.7.0/stm32cubeide/plugins/com.st.stm32cube.ide.mcu.externaltools.gnu-tools-for-stm32.9-2020-q2-update.win32_2.0.0.202105311346/tools/bin/../lib/gcc/arm-none-eabi/9.3.1/thumb/v7-m/nofp\libgcc.a
LOAD c:/st/stm32cubeide_1.7.0/stm32cubeide/plugins/com.st.stm32cube.ide.mcu.externaltools.gnu-tools-for-stm32.9-2020-q2-update.win32_2.0.0.202105311346/tools/bin/../lib/gcc/arm-none-eabi/9.3.1/../../../../arm-none-eabi/lib/thumb/v7-m/nofp\libc_nano.a
END GROUP
START GROUP
LOAD c:/st/stm32cubeide_1.7.0/stm32cubeide/plugins/com.st.stm32cube.ide.mcu.externaltools.gnu-tools-for-stm32.9-2020-q2-update.win32_2.0.0.202105311346/tools/bin/../lib/gcc/arm-none-eabi/9.3.1/thumb/v7-m/nofp\libgcc.a
LOAD c:/st/stm32cubeide_1.7.0/stm32cubeide/plugins/com.st.stm32cube.ide.mcu.externaltools.gnu-tools-for-stm32.9-2020-q2-update.win32_2.0.0.202105311346/tools/bin/../lib/gcc/arm-none-eabi/9.3.1/../../../../arm-none-eabi/lib/thumb/v7-m/nofp\libc_nano.a
LOAD c:/st/stm32cubeide_1.7.0/stm32cubeide/plugins/com.st.stm32cube.ide.mcu.externaltools.gnu-tools-for-stm32.9-2020-q2-update.win32_2.0.0.202105311346/tools/bin/../lib/gcc/arm-none-eabi/9.3.1/../../../../arm-none-eabi/lib/thumb/v7-m/nofp\libnosys.a
END GROUP
START GROUP
LOAD c:/st/stm32cubeide_1.7.0/stm32cubeide/plugins/com.st.stm32cube.ide.mcu.externaltools.gnu-tools-for-stm32.9-2020-q2-update.win32_2.0.0.202105311346/tools/bin/../lib/gcc/arm-none-eabi/9.3.1/thumb/v7-m/nofp\libgcc.a
LOAD c:/st/stm32cubeide_1.7.0/stm32cubeide/plugins/com.st.stm32cube.ide.mcu.externaltools.gnu-tools-for-stm32.9-2020-q2-update.win32_2.0.0.202105311346/tools/bin/../lib/gcc/arm-none-eabi/9.3.1/../../../../arm-none-eabi/lib/thumb/v7-m/nofp\libc_nano.a
LOAD c:/st/stm32cubeide_1.7.0/stm32cubeide/plugins/com.st.stm32cube.ide.mcu.externaltools.gnu-tools-for-stm32.9-2020-q2-update.win32_2.0.0.202105311346/tools/bin/../lib/gcc/arm-none-eabi/9.3.1/../../../../arm-none-eabi/lib/thumb/v7-m/nofp\libnosys.a
END GROUP
LOAD c:/st/stm32cubeide_1.7.0/stm32cubeide/plugins/com.st.stm32cube.ide.mcu.externaltools.gnu-tools-for-stm32.9-2020-q2-update.win32_2.0.0.202105311346/tools/bin/../lib/gcc/arm-none-eabi/9.3.1/thumb/v7-m/nofp/crtend.o
LOAD c:/st/stm32cubeide_1.7.0/stm32cubeide/plugins/com.st.stm32cube.ide.mcu.externaltools.gnu-tools-for-stm32.9-2020-q2-update.win32_2.0.0.202105311346/tools/bin/../lib/gcc/arm-none-eabi/9.3.1/thumb/v7-m/nofp/crtn.o
                0x0000000020002800                _estack = (ORIGIN (RAM) + LENGTH (RAM))
                0x0000000000000200                _Min_Heap_Size = 0x200
                0x0000000000000400                _Min_Stack_Size = 0x400

.isr_vector     0x0000000008000000      0x10c
                0x0000000008000000                . = ALIGN (0x4)
 *(.isr_vector)
 .isr_vector    0x0000000008000000      0x10c ./Core/Startup/startup_stm32f103c6ux.o
                0x0000000008000000                g_pfnVectors
                0x000000000800010c                . = ALIGN (0x4)

.text           0x000000000800010c     0x286c
                0x000000000800010c                . = ALIGN (0x4)
 *(.text)
 .text          0x000000000800010c       0x40 c:/st/stm32cubeide_1.7.0/stm32cubeide/plugins/com.st.stm32cube.ide.mcu.externaltools.gnu-tools-for-stm32.9-2020-q2-update.win32_2.0.0.202105311346/tools/bin/../lib/gcc/arm-none-eabi/9.3.1/thumb/v7-m/nofp/crtbegin.o
 *(.text*)
 .text.toggleLED
                0x000000000800014c       0x2c ./Core/Src/display.o
                0x000000000800014c                toggleLED
 .text.trafficDisplay1
                0x0000000008000178       0xb0 ./Core/Src/display.o
                0x0000000008000178                trafficDisplay1
 .text.trafficDisplay2
                0x0000000008000228       0xb0 ./Core/Src/display.o
                0x0000000008000228                trafficDisplay2
 .text.trafficToggle
                0x00000000080002d8       0xcc ./Core/Src/display.o
                0x00000000080002d8                trafficToggle
 .text.Led_Status
                0x00000000080003a4       0xa0 ./Core/Src/display7SEG.o
                0x00000000080003a4                Led_Status
 .text.display7SEG
                0x0000000008000444      0x238 ./Core/Src/display7SEG.o
                0x0000000008000444                display7SEG
 .text.update7SEG
                0x000000000800067c      0x11c ./Core/Src/display7SEG.o
                0x000000000800067c                update7SEG
 .text.updateSEGBuffer
                0x0000000008000798       0x64 ./Core/Src/display7SEG.o
                0x0000000008000798                updateSEGBuffer
 .text.reset7SEG
                0x00000000080007fc       0x2c ./Core/Src/display7SEG.o
                0x00000000080007fc                reset7SEG
 .text.fsm_automatic_reset
                0x0000000008000828       0x88 ./Core/Src/fsm_automatic.o
                0x0000000008000828                fsm_automatic_reset
 .text.fsm_automatic_run
                0x00000000080008b0      0x1fc ./Core/Src/fsm_automatic.o
                0x00000000080008b0                fsm_automatic_run
 .text.fsm_manual
                0x0000000008000aac      0x120 ./Core/Src/fsm_automatic.o
                0x0000000008000aac                fsm_manual
 .text.InitTimerSet
                0x0000000008000bcc       0x30 ./Core/Src/global.o
                0x0000000008000bcc                InitTimerSet
 .text.fsm_for_input_processing
                0x0000000008000bfc      0x194 ./Core/Src/input_processing.o
                0x0000000008000bfc                fsm_for_input_processing
 .text.button_reading
                0x0000000008000d90       0xf8 ./Core/Src/input_reading.o
                0x0000000008000d90                button_reading
 .text.is_button_pressed
                0x0000000008000e88       0x34 ./Core/Src/input_reading.o
                0x0000000008000e88                is_button_pressed
 .text.is_button_pressed_1s
                0x0000000008000ebc       0x34 ./Core/Src/input_reading.o
                0x0000000008000ebc                is_button_pressed_1s
 .text.main     0x0000000008000ef0       0x2c ./Core/Src/main.o
                0x0000000008000ef0                main
 .text.SystemClock_Config
                0x0000000008000f1c       0x76 ./Core/Src/main.o
                0x0000000008000f1c                SystemClock_Config
 *fill*         0x0000000008000f92        0x2 
 .text.MX_TIM2_Init
                0x0000000008000f94       0x98 ./Core/Src/main.o
 .text.MX_GPIO_Init
                0x000000000800102c       0xc4 ./Core/Src/main.o
 .text.HAL_TIM_PeriodElapsedCallback
                0x00000000080010f0       0x22 ./Core/Src/main.o
                0x00000000080010f0                HAL_TIM_PeriodElapsedCallback
 .text.Error_Handler
                0x0000000008001112        0xa ./Core/Src/main.o
                0x0000000008001112                Error_Handler
 .text.setTimer
                0x000000000800111c       0x38 ./Core/Src/software_timer.o
                0x000000000800111c                setTimer
 .text.timerRun
                0x0000000008001154       0x60 ./Core/Src/software_timer.o
                0x0000000008001154                timerRun
 .text.HAL_MspInit
                0x00000000080011b4       0x64 ./Core/Src/stm32f1xx_hal_msp.o
                0x00000000080011b4                HAL_MspInit
 .text.HAL_TIM_Base_MspInit
                0x0000000008001218       0x48 ./Core/Src/stm32f1xx_hal_msp.o
                0x0000000008001218                HAL_TIM_Base_MspInit
 .text.NMI_Handler
                0x0000000008001260        0x6 ./Core/Src/stm32f1xx_it.o
                0x0000000008001260                NMI_Handler
 .text.HardFault_Handler
                0x0000000008001266        0x6 ./Core/Src/stm32f1xx_it.o
                0x0000000008001266                HardFault_Handler
 .text.MemManage_Handler
                0x000000000800126c        0x6 ./Core/Src/stm32f1xx_it.o
                0x000000000800126c                MemManage_Handler
 .text.BusFault_Handler
                0x0000000008001272        0x6 ./Core/Src/stm32f1xx_it.o
                0x0000000008001272                BusFault_Handler
 .text.UsageFault_Handler
                0x0000000008001278        0x6 ./Core/Src/stm32f1xx_it.o
                0x0000000008001278                UsageFault_Handler
 .text.SVC_Handler
                0x000000000800127e        0xc ./Core/Src/stm32f1xx_it.o
                0x000000000800127e                SVC_Handler
 .text.DebugMon_Handler
                0x000000000800128a        0xc ./Core/Src/stm32f1xx_it.o
                0x000000000800128a                DebugMon_Handler
 .text.PendSV_Handler
                0x0000000008001296        0xc ./Core/Src/stm32f1xx_it.o
                0x0000000008001296                PendSV_Handler
 .text.SysTick_Handler
                0x00000000080012a2        0xc ./Core/Src/stm32f1xx_it.o
                0x00000000080012a2                SysTick_Handler
 *fill*         0x00000000080012ae        0x2 
 .text.TIM2_IRQHandler
                0x00000000080012b0       0x14 ./Core/Src/stm32f1xx_it.o
                0x00000000080012b0                TIM2_IRQHandler
 .text.SystemInit
                0x00000000080012c4        0xc ./Core/Src/system_stm32f1xx.o
                0x00000000080012c4                SystemInit
 .text.Reset_Handler
                0x00000000080012d0       0x48 ./Core/Startup/startup_stm32f103c6ux.o
                0x00000000080012d0                Reset_Handler
 .text.Default_Handler
                0x0000000008001318        0x2 ./Core/Startup/startup_stm32f103c6ux.o
                0x0000000008001318                RTC_Alarm_IRQHandler
                0x0000000008001318                EXTI2_IRQHandler
                0x0000000008001318                TIM1_CC_IRQHandler
                0x0000000008001318                PVD_IRQHandler
                0x0000000008001318                EXTI3_IRQHandler
                0x0000000008001318                EXTI0_IRQHandler
                0x0000000008001318                ADC1_2_IRQHandler
                0x0000000008001318                SPI1_IRQHandler
                0x0000000008001318                TAMPER_IRQHandler
                0x0000000008001318                DMA1_Channel4_IRQHandler
                0x0000000008001318                RTC_IRQHandler
                0x0000000008001318                DMA1_Channel7_IRQHandler
                0x0000000008001318                CAN1_RX1_IRQHandler
                0x0000000008001318                I2C1_EV_IRQHandler
                0x0000000008001318                DMA1_Channel6_IRQHandler
                0x0000000008001318                TIM3_IRQHandler
                0x0000000008001318                RCC_IRQHandler
                0x0000000008001318                TIM1_TRG_COM_IRQHandler
                0x0000000008001318                DMA1_Channel1_IRQHandler
                0x0000000008001318                Default_Handler
                0x0000000008001318                EXTI15_10_IRQHandler
                0x0000000008001318                EXTI9_5_IRQHandler
                0x0000000008001318                DMA1_Channel5_IRQHandler
                0x0000000008001318                EXTI4_IRQHandler
                0x0000000008001318                USB_LP_CAN1_RX0_IRQHandler
                0x0000000008001318                USB_HP_CAN1_TX_IRQHandler
                0x0000000008001318                DMA1_Channel3_IRQHandler
                0x0000000008001318                TIM1_UP_IRQHandler
                0x0000000008001318                WWDG_IRQHandler
                0x0000000008001318                TIM1_BRK_IRQHandler
                0x0000000008001318                EXTI1_IRQHandler
                0x0000000008001318                USART2_IRQHandler
                0x0000000008001318                DMA1_Channel2_IRQHandler
                0x0000000008001318                CAN1_SCE_IRQHandler
                0x0000000008001318                FLASH_IRQHandler
                0x0000000008001318                USART1_IRQHandler
                0x0000000008001318                I2C1_ER_IRQHandler
                0x0000000008001318                USBWakeUp_IRQHandler
 *fill*         0x000000000800131a        0x2 
 .text.HAL_Init
                0x000000000800131c       0x2c ./Drivers/STM32F1xx_HAL_Driver/Src/stm32f1xx_hal.o
                0x000000000800131c                HAL_Init
 .text.HAL_InitTick
                0x0000000008001348       0x60 ./Drivers/STM32F1xx_HAL_Driver/Src/stm32f1xx_hal.o
                0x0000000008001348                HAL_InitTick
 .text.HAL_IncTick
                0x00000000080013a8       0x24 ./Drivers/STM32F1xx_HAL_Driver/Src/stm32f1xx_hal.o
                0x00000000080013a8                HAL_IncTick
 .text.HAL_GetTick
                0x00000000080013cc       0x14 ./Drivers/STM32F1xx_HAL_Driver/Src/stm32f1xx_hal.o
                0x00000000080013cc                HAL_GetTick
 .text.__NVIC_SetPriorityGrouping
                0x00000000080013e0       0x48 ./Drivers/STM32F1xx_HAL_Driver/Src/stm32f1xx_hal_cortex.o
 .text.__NVIC_GetPriorityGrouping
                0x0000000008001428       0x1c ./Drivers/STM32F1xx_HAL_Driver/Src/stm32f1xx_hal_cortex.o
 .text.__NVIC_EnableIRQ
                0x0000000008001444       0x38 ./Drivers/STM32F1xx_HAL_Driver/Src/stm32f1xx_hal_cortex.o
 .text.__NVIC_SetPriority
                0x000000000800147c       0x54 ./Drivers/STM32F1xx_HAL_Driver/Src/stm32f1xx_hal_cortex.o
 .text.NVIC_EncodePriority
                0x00000000080014d0       0x64 ./Drivers/STM32F1xx_HAL_Driver/Src/stm32f1xx_hal_cortex.o
 .text.SysTick_Config
                0x0000000008001534       0x44 ./Drivers/STM32F1xx_HAL_Driver/Src/stm32f1xx_hal_cortex.o
 .text.HAL_NVIC_SetPriorityGrouping
                0x0000000008001578       0x16 ./Drivers/STM32F1xx_HAL_Driver/Src/stm32f1xx_hal_cortex.o
                0x0000000008001578                HAL_NVIC_SetPriorityGrouping
 .text.HAL_NVIC_SetPriority
                0x000000000800158e       0x38 ./Drivers/STM32F1xx_HAL_Driver/Src/stm32f1xx_hal_cortex.o
                0x000000000800158e                HAL_NVIC_SetPriority
 .text.HAL_NVIC_EnableIRQ
                0x00000000080015c6       0x1c ./Drivers/STM32F1xx_HAL_Driver/Src/stm32f1xx_hal_cortex.o
                0x00000000080015c6                HAL_NVIC_EnableIRQ
 .text.HAL_SYSTICK_Config
                0x00000000080015e2       0x18 ./Drivers/STM32F1xx_HAL_Driver/Src/stm32f1xx_hal_cortex.o
                0x00000000080015e2                HAL_SYSTICK_Config
 *fill*         0x00000000080015fa        0x2 
 .text.HAL_GPIO_Init
                0x00000000080015fc      0x2f4 ./Drivers/STM32F1xx_HAL_Driver/Src/stm32f1xx_hal_gpio.o
                0x00000000080015fc                HAL_GPIO_Init
 .text.HAL_GPIO_ReadPin
                0x00000000080018f0       0x2e ./Drivers/STM32F1xx_HAL_Driver/Src/stm32f1xx_hal_gpio.o
                0x00000000080018f0                HAL_GPIO_ReadPin
 .text.HAL_GPIO_WritePin
                0x000000000800191e       0x30 ./Drivers/STM32F1xx_HAL_Driver/Src/stm32f1xx_hal_gpio.o
                0x000000000800191e                HAL_GPIO_WritePin
 .text.HAL_GPIO_TogglePin
                0x000000000800194e       0x32 ./Drivers/STM32F1xx_HAL_Driver/Src/stm32f1xx_hal_gpio.o
                0x000000000800194e                HAL_GPIO_TogglePin
 .text.HAL_RCC_OscConfig
                0x0000000008001980      0x500 ./Drivers/STM32F1xx_HAL_Driver/Src/stm32f1xx_hal_rcc.o
                0x0000000008001980                HAL_RCC_OscConfig
 .text.HAL_RCC_ClockConfig
                0x0000000008001e80      0x1d4 ./Drivers/STM32F1xx_HAL_Driver/Src/stm32f1xx_hal_rcc.o
                0x0000000008001e80                HAL_RCC_ClockConfig
 .text.HAL_RCC_GetSysClockFreq
                0x0000000008002054       0xa8 ./Drivers/STM32F1xx_HAL_Driver/Src/stm32f1xx_hal_rcc.o
                0x0000000008002054                HAL_RCC_GetSysClockFreq
 .text.RCC_Delay
                0x00000000080020fc       0x3c ./Drivers/STM32F1xx_HAL_Driver/Src/stm32f1xx_hal_rcc.o
 .text.HAL_TIM_Base_Init
                0x0000000008002138       0x9e ./Drivers/STM32F1xx_HAL_Driver/Src/stm32f1xx_hal_tim.o
                0x0000000008002138                HAL_TIM_Base_Init
 *fill*         0x00000000080021d6        0x2 
 .text.HAL_TIM_Base_Start_IT
                0x00000000080021d8       0x98 ./Drivers/STM32F1xx_HAL_Driver/Src/stm32f1xx_hal_tim.o
                0x00000000080021d8                HAL_TIM_Base_Start_IT
 .text.HAL_TIM_IRQHandler
                0x0000000008002270      0x210 ./Drivers/STM32F1xx_HAL_Driver/Src/stm32f1xx_hal_tim.o
                0x0000000008002270                HAL_TIM_IRQHandler
 .text.HAL_TIM_ConfigClockSource
                0x0000000008002480      0x18e ./Drivers/STM32F1xx_HAL_Driver/Src/stm32f1xx_hal_tim.o
                0x0000000008002480                HAL_TIM_ConfigClockSource
 .text.HAL_TIM_OC_DelayElapsedCallback
                0x000000000800260e       0x12 ./Drivers/STM32F1xx_HAL_Driver/Src/stm32f1xx_hal_tim.o
                0x000000000800260e                HAL_TIM_OC_DelayElapsedCallback
 .text.HAL_TIM_IC_CaptureCallback
                0x0000000008002620       0x12 ./Drivers/STM32F1xx_HAL_Driver/Src/stm32f1xx_hal_tim.o
                0x0000000008002620                HAL_TIM_IC_CaptureCallback
 .text.HAL_TIM_PWM_PulseFinishedCallback
                0x0000000008002632       0x12 ./Drivers/STM32F1xx_HAL_Driver/Src/stm32f1xx_hal_tim.o
                0x0000000008002632                HAL_TIM_PWM_PulseFinishedCallback
 .text.HAL_TIM_TriggerCallback
                0x0000000008002644       0x12 ./Drivers/STM32F1xx_HAL_Driver/Src/stm32f1xx_hal_tim.o
                0x0000000008002644                HAL_TIM_TriggerCallback
 *fill*         0x0000000008002656        0x2 
 .text.TIM_Base_SetConfig
                0x0000000008002658       0xb0 ./Drivers/STM32F1xx_HAL_Driver/Src/stm32f1xx_hal_tim.o
                0x0000000008002658                TIM_Base_SetConfig
 .text.TIM_TI1_ConfigInputStage
                0x0000000008002708       0x5c ./Drivers/STM32F1xx_HAL_Driver/Src/stm32f1xx_hal_tim.o
 .text.TIM_TI2_ConfigInputStage
                0x0000000008002764       0x5e ./Drivers/STM32F1xx_HAL_Driver/Src/stm32f1xx_hal_tim.o
 .text.TIM_ITRx_SetConfig
                0x00000000080027c2       0x34 ./Drivers/STM32F1xx_HAL_Driver/Src/stm32f1xx_hal_tim.o
 .text.TIM_ETR_SetConfig
                0x00000000080027f6       0x3e ./Drivers/STM32F1xx_HAL_Driver/Src/stm32f1xx_hal_tim.o
                0x00000000080027f6                TIM_ETR_SetConfig
 .text.HAL_TIMEx_MasterConfigSynchronization
                0x0000000008002834       0xb0 ./Drivers/STM32F1xx_HAL_Driver/Src/stm32f1xx_hal_tim_ex.o
                0x0000000008002834                HAL_TIMEx_MasterConfigSynchronization
 .text.HAL_TIMEx_CommutCallback
                0x00000000080028e4       0x12 ./Drivers/STM32F1xx_HAL_Driver/Src/stm32f1xx_hal_tim_ex.o
                0x00000000080028e4                HAL_TIMEx_CommutCallback
 .text.HAL_TIMEx_BreakCallback
                0x00000000080028f6       0x12 ./Drivers/STM32F1xx_HAL_Driver/Src/stm32f1xx_hal_tim_ex.o
                0x00000000080028f6                HAL_TIMEx_BreakCallback
 .text.__libc_init_array
                0x0000000008002908       0x48 c:/st/stm32cubeide_1.7.0/stm32cubeide/plugins/com.st.stm32cube.ide.mcu.externaltools.gnu-tools-for-stm32.9-2020-q2-update.win32_2.0.0.202105311346/tools/bin/../lib/gcc/arm-none-eabi/9.3.1/../../../../arm-none-eabi/lib/thumb/v7-m/nofp\libc_nano.a(lib_a-init.o)
                0x0000000008002908                __libc_init_array
 .text.memset   0x0000000008002950       0x10 c:/st/stm32cubeide_1.7.0/stm32cubeide/plugins/com.st.stm32cube.ide.mcu.externaltools.gnu-tools-for-stm32.9-2020-q2-update.win32_2.0.0.202105311346/tools/bin/../lib/gcc/arm-none-eabi/9.3.1/../../../../arm-none-eabi/lib/thumb/v7-m/nofp\libc_nano.a(lib_a-memset.o)
                0x0000000008002950                memset
 *(.glue_7)
 .glue_7        0x0000000008002960        0x0 linker stubs
 *(.glue_7t)
 .glue_7t       0x0000000008002960        0x0 linker stubs
 *(.eh_frame)
 .eh_frame      0x0000000008002960        0x0 c:/st/stm32cubeide_1.7.0/stm32cubeide/plugins/com.st.stm32cube.ide.mcu.externaltools.gnu-tools-for-stm32.9-2020-q2-update.win32_2.0.0.202105311346/tools/bin/../lib/gcc/arm-none-eabi/9.3.1/thumb/v7-m/nofp/crtbegin.o
 *(.init)
 .init          0x0000000008002960        0x4 c:/st/stm32cubeide_1.7.0/stm32cubeide/plugins/com.st.stm32cube.ide.mcu.externaltools.gnu-tools-for-stm32.9-2020-q2-update.win32_2.0.0.202105311346/tools/bin/../lib/gcc/arm-none-eabi/9.3.1/thumb/v7-m/nofp/crti.o
                0x0000000008002960                _init
 .init          0x0000000008002964        0x8 c:/st/stm32cubeide_1.7.0/stm32cubeide/plugins/com.st.stm32cube.ide.mcu.externaltools.gnu-tools-for-stm32.9-2020-q2-update.win32_2.0.0.202105311346/tools/bin/../lib/gcc/arm-none-eabi/9.3.1/thumb/v7-m/nofp/crtn.o
 *(.fini)
 .fini          0x000000000800296c        0x4 c:/st/stm32cubeide_1.7.0/stm32cubeide/plugins/com.st.stm32cube.ide.mcu.externaltools.gnu-tools-for-stm32.9-2020-q2-update.win32_2.0.0.202105311346/tools/bin/../lib/gcc/arm-none-eabi/9.3.1/thumb/v7-m/nofp/crti.o
                0x000000000800296c                _fini
 .fini          0x0000000008002970        0x8 c:/st/stm32cubeide_1.7.0/stm32cubeide/plugins/com.st.stm32cube.ide.mcu.externaltools.gnu-tools-for-stm32.9-2020-q2-update.win32_2.0.0.202105311346/tools/bin/../lib/gcc/arm-none-eabi/9.3.1/thumb/v7-m/nofp/crtn.o
                0x0000000008002978                . = ALIGN (0x4)
                0x0000000008002978                _etext = .

.vfp11_veneer   0x0000000008002978        0x0
 .vfp11_veneer  0x0000000008002978        0x0 linker stubs

.v4_bx          0x0000000008002978        0x0
 .v4_bx         0x0000000008002978        0x0 linker stubs

.iplt           0x0000000008002978        0x0
 .iplt          0x0000000008002978        0x0 c:/st/stm32cubeide_1.7.0/stm32cubeide/plugins/com.st.stm32cube.ide.mcu.externaltools.gnu-tools-for-stm32.9-2020-q2-update.win32_2.0.0.202105311346/tools/bin/../lib/gcc/arm-none-eabi/9.3.1/thumb/v7-m/nofp/crtbegin.o

.rodata         0x0000000008002978       0xcc
                0x0000000008002978                . = ALIGN (0x4)
 *(.rodata)
 .rodata        0x0000000008002978       0xa8 ./Core/Src/display7SEG.o
 *(.rodata*)
 .rodata.AHBPrescTable
                0x0000000008002a20       0x10 ./Core/Src/system_stm32f1xx.o
                0x0000000008002a20                AHBPrescTable
 .rodata.aPLLMULFactorTable.6032
                0x0000000008002a30       0x10 ./Drivers/STM32F1xx_HAL_Driver/Src/stm32f1xx_hal_rcc.o
 .rodata.aPredivFactorTable.6033
                0x0000000008002a40        0x2 ./Drivers/STM32F1xx_HAL_Driver/Src/stm32f1xx_hal_rcc.o
                0x0000000008002a44                . = ALIGN (0x4)
 *fill*         0x0000000008002a42        0x2 

.rel.dyn        0x0000000008002a44        0x0
 .rel.iplt      0x0000000008002a44        0x0 c:/st/stm32cubeide_1.7.0/stm32cubeide/plugins/com.st.stm32cube.ide.mcu.externaltools.gnu-tools-for-stm32.9-2020-q2-update.win32_2.0.0.202105311346/tools/bin/../lib/gcc/arm-none-eabi/9.3.1/thumb/v7-m/nofp/crtbegin.o

.ARM.extab      0x0000000008002a44        0x0
                0x0000000008002a44                . = ALIGN (0x4)
 *(.ARM.extab* .gnu.linkonce.armextab.*)
                0x0000000008002a44                . = ALIGN (0x4)

.ARM            0x0000000008002a44        0x0
                0x0000000008002a44                . = ALIGN (0x4)
                0x0000000008002a44                __exidx_start = .
 *(.ARM.exidx*)
                0x0000000008002a44                __exidx_end = .
                0x0000000008002a44                . = ALIGN (0x4)

.preinit_array  0x0000000008002a44        0x0
                0x0000000008002a44                . = ALIGN (0x4)
                0x0000000008002a44                PROVIDE (__preinit_array_start = .)
 *(.preinit_array*)
                0x0000000008002a44                PROVIDE (__preinit_array_end = .)
                0x0000000008002a44                . = ALIGN (0x4)

.init_array     0x0000000008002a44        0x4
                0x0000000008002a44                . = ALIGN (0x4)
                0x0000000008002a44                PROVIDE (__init_array_start = .)
 *(SORT_BY_NAME(.init_array.*))
 *(.init_array*)
 .init_array    0x0000000008002a44        0x4 c:/st/stm32cubeide_1.7.0/stm32cubeide/plugins/com.st.stm32cube.ide.mcu.externaltools.gnu-tools-for-stm32.9-2020-q2-update.win32_2.0.0.202105311346/tools/bin/../lib/gcc/arm-none-eabi/9.3.1/thumb/v7-m/nofp/crtbegin.o
                0x0000000008002a48                PROVIDE (__init_array_end = .)
                0x0000000008002a48                . = ALIGN (0x4)

.fini_array     0x0000000008002a48        0x4
                0x0000000008002a48                . = ALIGN (0x4)
                [!provide]                        PROVIDE (__fini_array_start = .)
 *(SORT_BY_NAME(.fini_array.*))
 *(.fini_array*)
 .fini_array    0x0000000008002a48        0x4 c:/st/stm32cubeide_1.7.0/stm32cubeide/plugins/com.st.stm32cube.ide.mcu.externaltools.gnu-tools-for-stm32.9-2020-q2-update.win32_2.0.0.202105311346/tools/bin/../lib/gcc/arm-none-eabi/9.3.1/thumb/v7-m/nofp/crtbegin.o
                [!provide]                        PROVIDE (__fini_array_end = .)
                0x0000000008002a4c                . = ALIGN (0x4)
                0x0000000008002a4c                _sidata = LOADADDR (.data)

.data           0x0000000020000000       0x28 load address 0x0000000008002a4c
                0x0000000020000000                . = ALIGN (0x4)
                0x0000000020000000                _sdata = .
 *(.data)
 *(.data*)
 .data.LED_RED_init
                0x0000000020000000        0x4 ./Core/Src/global.o
                0x0000000020000000                LED_RED_init
 .data.LED_YELLOW_init
                0x0000000020000004        0x4 ./Core/Src/global.o
                0x0000000020000004                LED_YELLOW_init
 .data.LED_GREEN_init
                0x0000000020000008        0x4 ./Core/Src/global.o
                0x0000000020000008                LED_GREEN_init
 .data.TRAFFIC_MODE
                0x000000002000000c        0x4 ./Core/Src/global.o
                0x000000002000000c                TRAFFIC_MODE
 .data.buttonBuffer
                0x0000000020000010        0x3 ./Core/Src/input_reading.o
 *fill*         0x0000000020000013        0x1 
 .data.debounceButtonBuffer1
                0x0000000020000014        0x3 ./Core/Src/input_reading.o
 *fill*         0x0000000020000017        0x1 
 .data.debounceButtonBuffer2
                0x0000000020000018        0x3 ./Core/Src/input_reading.o
 *fill*         0x000000002000001b        0x1 
 .data.SystemCoreClock
                0x000000002000001c        0x4 ./Core/Src/system_stm32f1xx.o
                0x000000002000001c                SystemCoreClock
 .data.uwTickPrio
                0x0000000020000020        0x4 ./Drivers/STM32F1xx_HAL_Driver/Src/stm32f1xx_hal.o
                0x0000000020000020                uwTickPrio
 .data.uwTickFreq
                0x0000000020000024        0x1 ./Drivers/STM32F1xx_HAL_Driver/Src/stm32f1xx_hal.o
                0x0000000020000024                uwTickFreq
 *(.RamFunc)
 *(.RamFunc*)
                0x0000000020000028                . = ALIGN (0x4)
 *fill*         0x0000000020000025        0x3 
                0x0000000020000028                _edata = .

.igot.plt       0x0000000020000028        0x0 load address 0x0000000008002a74
 .igot.plt      0x0000000020000028        0x0 c:/st/stm32cubeide_1.7.0/stm32cubeide/plugins/com.st.stm32cube.ide.mcu.externaltools.gnu-tools-for-stm32.9-2020-q2-update.win32_2.0.0.202105311346/tools/bin/../lib/gcc/arm-none-eabi/9.3.1/thumb/v7-m/nofp/crtbegin.o
                0x0000000020000028                . = ALIGN (0x4)

.bss            0x0000000020000028       0xd8 load address 0x0000000008002a74
                0x0000000020000028                _sbss = .
                0x0000000020000028                __bss_start__ = _sbss
 *(.bss)
 .bss           0x0000000020000028       0x1c c:/st/stm32cubeide_1.7.0/stm32cubeide/plugins/com.st.stm32cube.ide.mcu.externaltools.gnu-tools-for-stm32.9-2020-q2-update.win32_2.0.0.202105311346/tools/bin/../lib/gcc/arm-none-eabi/9.3.1/thumb/v7-m/nofp/crtbegin.o
 *(.bss*)
 .bss.index_led
                0x0000000020000044        0x4 ./Core/Src/display7SEG.o
                0x0000000020000044                index_led
 .bss.led_buffer
                0x0000000020000048       0x10 ./Core/Src/display7SEG.o
                0x0000000020000048                led_buffer
 .bss.status1   0x0000000020000058        0x4 ./Core/Src/fsm_automatic.o
                0x0000000020000058                status1
 .bss.status2   0x000000002000005c        0x4 ./Core/Src/fsm_automatic.o
                0x000000002000005c                status2
 .bss.counter1  0x0000000020000060        0x4 ./Core/Src/fsm_automatic.o
                0x0000000020000060                counter1
 .bss.counter2  0x0000000020000064        0x4 ./Core/Src/fsm_automatic.o
                0x0000000020000064                counter2
 .bss.inputLEDbuffer
                0x0000000020000068       0x10 ./Core/Src/fsm_automatic.o
                0x0000000020000068                inputLEDbuffer
 .bss.LED_RED_temp
                0x0000000020000078        0x4 ./Core/Src/global.o
                0x0000000020000078                LED_RED_temp
 .bss.LED_YELLOW_temp
                0x000000002000007c        0x4 ./Core/Src/global.o
                0x000000002000007c                LED_YELLOW_temp
 .bss.LED_GREEN_temp
                0x0000000020000080        0x4 ./Core/Src/global.o
                0x0000000020000080                LED_GREEN_temp
 .bss.buttonState
                0x0000000020000084        0x3 ./Core/Src/input_processing.o
                0x0000000020000084                buttonState
 *fill*         0x0000000020000087        0x1 
 .bss.flagForButtonPress1s
                0x0000000020000088        0x3 ./Core/Src/input_reading.o
 *fill*         0x000000002000008b        0x1 
 .bss.counterForButtonPress1s
                0x000000002000008c        0x6 ./Core/Src/input_reading.o
 *fill*         0x0000000020000092        0x2 
 .bss.timer_counter
                0x0000000020000094       0x10 ./Core/Src/software_timer.o
                0x0000000020000094                timer_counter
 .bss.timer_flag
                0x00000000200000a4       0x10 ./Core/Src/software_timer.o
                0x00000000200000a4                timer_flag
 *(COMMON)
 COMMON         0x00000000200000b4       0x48 ./Core/Src/main.o
                0x00000000200000b4                htim2
 COMMON         0x00000000200000fc        0x4 ./Drivers/STM32F1xx_HAL_Driver/Src/stm32f1xx_hal.o
                0x00000000200000fc                uwTick
                0x0000000020000100                . = ALIGN (0x4)
                0x0000000020000100                _ebss = .
                0x0000000020000100                __bss_end__ = _ebss

._user_heap_stack
                0x0000000020000100      0x600 load address 0x0000000008002a74
                0x0000000020000100                . = ALIGN (0x8)
                [!provide]                        PROVIDE (end = .)
                0x0000000020000100                PROVIDE (_end = .)
                0x0000000020000300                . = (. + _Min_Heap_Size)
 *fill*         0x0000000020000100      0x200 
                0x0000000020000700                . = (. + _Min_Stack_Size)
 *fill*         0x0000000020000300      0x400 
                0x0000000020000700                . = ALIGN (0x8)

/DISCARD/
 libc.a(*)
 libm.a(*)
 libgcc.a(*)

.ARM.attributes
                0x0000000000000000       0x29
 *(.ARM.attributes)
 .ARM.attributes
                0x0000000000000000       0x1d c:/st/stm32cubeide_1.7.0/stm32cubeide/plugins/com.st.stm32cube.ide.mcu.externaltools.gnu-tools-for-stm32.9-2020-q2-update.win32_2.0.0.202105311346/tools/bin/../lib/gcc/arm-none-eabi/9.3.1/thumb/v7-m/nofp/crti.o
 .ARM.attributes
                0x000000000000001d       0x2d c:/st/stm32cubeide_1.7.0/stm32cubeide/plugins/com.st.stm32cube.ide.mcu.externaltools.gnu-tools-for-stm32.9-2020-q2-update.win32_2.0.0.202105311346/tools/bin/../lib/gcc/arm-none-eabi/9.3.1/thumb/v7-m/nofp/crtbegin.o
 .ARM.attributes
                0x000000000000004a       0x2d ./Core/Src/display.o
 .ARM.attributes
                0x0000000000000077       0x2d ./Core/Src/display7SEG.o
 .ARM.attributes
                0x00000000000000a4       0x2d ./Core/Src/fsm_automatic.o
 .ARM.attributes
                0x00000000000000d1       0x2d ./Core/Src/global.o
 .ARM.attributes
                0x00000000000000fe       0x2d ./Core/Src/input_processing.o
 .ARM.attributes
                0x000000000000012b       0x2d ./Core/Src/input_reading.o
 .ARM.attributes
                0x0000000000000158       0x2d ./Core/Src/main.o
 .ARM.attributes
                0x0000000000000185       0x2d ./Core/Src/software_timer.o
 .ARM.attributes
                0x00000000000001b2       0x2d ./Core/Src/stm32f1xx_hal_msp.o
 .ARM.attributes
                0x00000000000001df       0x2d ./Core/Src/stm32f1xx_it.o
 .ARM.attributes
                0x000000000000020c       0x2d ./Core/Src/system_stm32f1xx.o
 .ARM.attributes
                0x0000000000000239       0x21 ./Core/Startup/startup_stm32f103c6ux.o
 .ARM.attributes
                0x000000000000025a       0x2d ./Drivers/STM32F1xx_HAL_Driver/Src/stm32f1xx_hal.o
 .ARM.attributes
                0x0000000000000287       0x2d ./Drivers/STM32F1xx_HAL_Driver/Src/stm32f1xx_hal_cortex.o
 .ARM.attributes
                0x00000000000002b4       0x2d ./Drivers/STM32F1xx_HAL_Driver/Src/stm32f1xx_hal_gpio.o
 .ARM.attributes
                0x00000000000002e1       0x2d ./Drivers/STM32F1xx_HAL_Driver/Src/stm32f1xx_hal_rcc.o
 .ARM.attributes
                0x000000000000030e       0x2d ./Drivers/STM32F1xx_HAL_Driver/Src/stm32f1xx_hal_tim.o
 .ARM.attributes
                0x000000000000033b       0x2d ./Drivers/STM32F1xx_HAL_Driver/Src/stm32f1xx_hal_tim_ex.o
 .ARM.attributes
                0x0000000000000368       0x2d c:/st/stm32cubeide_1.7.0/stm32cubeide/plugins/com.st.stm32cube.ide.mcu.externaltools.gnu-tools-for-stm32.9-2020-q2-update.win32_2.0.0.202105311346/tools/bin/../lib/gcc/arm-none-eabi/9.3.1/../../../../arm-none-eabi/lib/thumb/v7-m/nofp\libc_nano.a(lib_a-init.o)
 .ARM.attributes
                0x0000000000000395       0x2d c:/st/stm32cubeide_1.7.0/stm32cubeide/plugins/com.st.stm32cube.ide.mcu.externaltools.gnu-tools-for-stm32.9-2020-q2-update.win32_2.0.0.202105311346/tools/bin/../lib/gcc/arm-none-eabi/9.3.1/../../../../arm-none-eabi/lib/thumb/v7-m/nofp\libc_nano.a(lib_a-memset.o)
 .ARM.attributes
                0x00000000000003c2       0x1d c:/st/stm32cubeide_1.7.0/stm32cubeide/plugins/com.st.stm32cube.ide.mcu.externaltools.gnu-tools-for-stm32.9-2020-q2-update.win32_2.0.0.202105311346/tools/bin/../lib/gcc/arm-none-eabi/9.3.1/thumb/v7-m/nofp/crtn.o
OUTPUT(Lab3_Ex.elf elf32-littlearm)
LOAD linker stubs
LOAD c:/st/stm32cubeide_1.7.0/stm32cubeide/plugins/com.st.stm32cube.ide.mcu.externaltools.gnu-tools-for-stm32.9-2020-q2-update.win32_2.0.0.202105311346/tools/bin/../lib/gcc/arm-none-eabi/9.3.1/../../../../arm-none-eabi/lib/thumb/v7-m/nofp\libc.a
LOAD c:/st/stm32cubeide_1.7.0/stm32cubeide/plugins/com.st.stm32cube.ide.mcu.externaltools.gnu-tools-for-stm32.9-2020-q2-update.win32_2.0.0.202105311346/tools/bin/../lib/gcc/arm-none-eabi/9.3.1/../../../../arm-none-eabi/lib/thumb/v7-m/nofp\libm.a
LOAD c:/st/stm32cubeide_1.7.0/stm32cubeide/plugins/com.st.stm32cube.ide.mcu.externaltools.gnu-tools-for-stm32.9-2020-q2-update.win32_2.0.0.202105311346/tools/bin/../lib/gcc/arm-none-eabi/9.3.1/thumb/v7-m/nofp\libgcc.a

.debug_info     0x0000000000000000     0x9af0
 .debug_info    0x0000000000000000      0x306 ./Core/Src/display.o
 .debug_info    0x0000000000000306      0x4ea ./Core/Src/display7SEG.o
 .debug_info    0x00000000000007f0      0x326 ./Core/Src/fsm_automatic.o
 .debug_info    0x0000000000000b16      0x264 ./Core/Src/global.o
 .debug_info    0x0000000000000d7a      0x261 ./Core/Src/input_processing.o
 .debug_info    0x0000000000000fdb      0x3bc ./Core/Src/input_reading.o
 .debug_info    0x0000000000001397      0xc03 ./Core/Src/main.o
 .debug_info    0x0000000000001f9a      0x285 ./Core/Src/software_timer.o
 .debug_info    0x000000000000221f      0xa09 ./Core/Src/stm32f1xx_hal_msp.o
 .debug_info    0x0000000000002c28      0x7b9 ./Core/Src/stm32f1xx_it.o
 .debug_info    0x00000000000033e1      0x2be ./Core/Src/system_stm32f1xx.o
 .debug_info    0x000000000000369f       0x22 ./Core/Startup/startup_stm32f103c6ux.o
 .debug_info    0x00000000000036c1      0x74c ./Drivers/STM32F1xx_HAL_Driver/Src/stm32f1xx_hal.o
 .debug_info    0x0000000000003e0d      0xbbe ./Drivers/STM32F1xx_HAL_Driver/Src/stm32f1xx_hal_cortex.o
 .debug_info    0x00000000000049cb      0x701 ./Drivers/STM32F1xx_HAL_Driver/Src/stm32f1xx_hal_gpio.o
 .debug_info    0x00000000000050cc      0x893 ./Drivers/STM32F1xx_HAL_Driver/Src/stm32f1xx_hal_rcc.o
 .debug_info    0x000000000000595f     0x2c12 ./Drivers/STM32F1xx_HAL_Driver/Src/stm32f1xx_hal_tim.o
 .debug_info    0x0000000000008571     0x157f ./Drivers/STM32F1xx_HAL_Driver/Src/stm32f1xx_hal_tim_ex.o

.debug_abbrev   0x0000000000000000     0x1d01
 .debug_abbrev  0x0000000000000000      0x123 ./Core/Src/display.o
 .debug_abbrev  0x0000000000000123      0x1a2 ./Core/Src/display7SEG.o
 .debug_abbrev  0x00000000000002c5      0x134 ./Core/Src/fsm_automatic.o
 .debug_abbrev  0x00000000000003f9       0xc5 ./Core/Src/global.o
 .debug_abbrev  0x00000000000004be       0xfa ./Core/Src/input_processing.o
 .debug_abbrev  0x00000000000005b8      0x154 ./Core/Src/input_reading.o
 .debug_abbrev  0x000000000000070c      0x22c ./Core/Src/main.o
 .debug_abbrev  0x0000000000000938      0x11d ./Core/Src/software_timer.o
 .debug_abbrev  0x0000000000000a55      0x1b7 ./Core/Src/stm32f1xx_hal_msp.o
 .debug_abbrev  0x0000000000000c0c      0x176 ./Core/Src/stm32f1xx_it.o
 .debug_abbrev  0x0000000000000d82      0x14e ./Core/Src/system_stm32f1xx.o
 .debug_abbrev  0x0000000000000ed0       0x12 ./Core/Startup/startup_stm32f103c6ux.o
 .debug_abbrev  0x0000000000000ee2      0x1ed ./Drivers/STM32F1xx_HAL_Driver/Src/stm32f1xx_hal.o
 .debug_abbrev  0x00000000000010cf      0x313 ./Drivers/STM32F1xx_HAL_Driver/Src/stm32f1xx_hal_cortex.o
 .debug_abbrev  0x00000000000013e2      0x1e8 ./Drivers/STM32F1xx_HAL_Driver/Src/stm32f1xx_hal_gpio.o
 .debug_abbrev  0x00000000000015ca      0x273 ./Drivers/STM32F1xx_HAL_Driver/Src/stm32f1xx_hal_rcc.o
 .debug_abbrev  0x000000000000183d      0x25e ./Drivers/STM32F1xx_HAL_Driver/Src/stm32f1xx_hal_tim.o
 .debug_abbrev  0x0000000000001a9b      0x266 ./Drivers/STM32F1xx_HAL_Driver/Src/stm32f1xx_hal_tim_ex.o

.debug_aranges  0x0000000000000000      0xa70
 .debug_aranges
                0x0000000000000000       0x38 ./Core/Src/display.o
 .debug_aranges
                0x0000000000000038       0x40 ./Core/Src/display7SEG.o
 .debug_aranges
                0x0000000000000078       0x30 ./Core/Src/fsm_automatic.o
 .debug_aranges
                0x00000000000000a8       0x20 ./Core/Src/global.o
 .debug_aranges
                0x00000000000000c8       0x20 ./Core/Src/input_processing.o
 .debug_aranges
                0x00000000000000e8       0x30 ./Core/Src/input_reading.o
 .debug_aranges
                0x0000000000000118       0x48 ./Core/Src/main.o
 .debug_aranges
                0x0000000000000160       0x28 ./Core/Src/software_timer.o
 .debug_aranges
                0x0000000000000188       0x30 ./Core/Src/stm32f1xx_hal_msp.o
 .debug_aranges
                0x00000000000001b8       0x68 ./Core/Src/stm32f1xx_it.o
 .debug_aranges
                0x0000000000000220       0x28 ./Core/Src/system_stm32f1xx.o
 .debug_aranges
                0x0000000000000248       0x28 ./Core/Startup/startup_stm32f103c6ux.o
 .debug_aranges
                0x0000000000000270       0xe0 ./Drivers/STM32F1xx_HAL_Driver/Src/stm32f1xx_hal.o
 .debug_aranges
                0x0000000000000350      0x100 ./Drivers/STM32F1xx_HAL_Driver/Src/stm32f1xx_hal_cortex.o
 .debug_aranges
                0x0000000000000450       0x58 ./Drivers/STM32F1xx_HAL_Driver/Src/stm32f1xx_hal_gpio.o
 .debug_aranges
                0x00000000000004a8       0x90 ./Drivers/STM32F1xx_HAL_Driver/Src/stm32f1xx_hal_rcc.o
 .debug_aranges
                0x0000000000000538      0x3d0 ./Drivers/STM32F1xx_HAL_Driver/Src/stm32f1xx_hal_tim.o
 .debug_aranges
                0x0000000000000908      0x168 ./Drivers/STM32F1xx_HAL_Driver/Src/stm32f1xx_hal_tim_ex.o

.debug_ranges   0x0000000000000000      0x958
 .debug_ranges  0x0000000000000000       0x28 ./Core/Src/display.o
 .debug_ranges  0x0000000000000028       0x30 ./Core/Src/display7SEG.o
 .debug_ranges  0x0000000000000058       0x20 ./Core/Src/fsm_automatic.o
 .debug_ranges  0x0000000000000078       0x10 ./Core/Src/global.o
 .debug_ranges  0x0000000000000088       0x10 ./Core/Src/input_processing.o
 .debug_ranges  0x0000000000000098       0x20 ./Core/Src/input_reading.o
 .debug_ranges  0x00000000000000b8       0x38 ./Core/Src/main.o
 .debug_ranges  0x00000000000000f0       0x18 ./Core/Src/software_timer.o
 .debug_ranges  0x0000000000000108       0x20 ./Core/Src/stm32f1xx_hal_msp.o
 .debug_ranges  0x0000000000000128       0x58 ./Core/Src/stm32f1xx_it.o
 .debug_ranges  0x0000000000000180       0x18 ./Core/Src/system_stm32f1xx.o
 .debug_ranges  0x0000000000000198       0x20 ./Core/Startup/startup_stm32f103c6ux.o
 .debug_ranges  0x00000000000001b8       0xd0 ./Drivers/STM32F1xx_HAL_Driver/Src/stm32f1xx_hal.o
 .debug_ranges  0x0000000000000288       0xf0 ./Drivers/STM32F1xx_HAL_Driver/Src/stm32f1xx_hal_cortex.o
 .debug_ranges  0x0000000000000378       0x48 ./Drivers/STM32F1xx_HAL_Driver/Src/stm32f1xx_hal_gpio.o
 .debug_ranges  0x00000000000003c0       0x80 ./Drivers/STM32F1xx_HAL_Driver/Src/stm32f1xx_hal_rcc.o
 .debug_ranges  0x0000000000000440      0x3c0 ./Drivers/STM32F1xx_HAL_Driver/Src/stm32f1xx_hal_tim.o
 .debug_ranges  0x0000000000000800      0x158 ./Drivers/STM32F1xx_HAL_Driver/Src/stm32f1xx_hal_tim_ex.o

.debug_macro    0x0000000000000000    0x170db
 .debug_macro   0x0000000000000000      0x1e8 ./Core/Src/display.o
 .debug_macro   0x00000000000001e8      0xa9c ./Core/Src/display.o
 .debug_macro   0x0000000000000c84       0x10 ./Core/Src/display.o
 .debug_macro   0x0000000000000c94      0x215 ./Core/Src/display.o
 .debug_macro   0x0000000000000ea9       0x2e ./Core/Src/display.o
 .debug_macro   0x0000000000000ed7       0x22 ./Core/Src/display.o
 .debug_macro   0x0000000000000ef9       0x22 ./Core/Src/display.o
 .debug_macro   0x0000000000000f1b       0x8e ./Core/Src/display.o
 .debug_macro   0x0000000000000fa9       0x51 ./Core/Src/display.o
 .debug_macro   0x0000000000000ffa      0x103 ./Core/Src/display.o
 .debug_macro   0x00000000000010fd       0x6a ./Core/Src/display.o
 .debug_macro   0x0000000000001167      0x1df ./Core/Src/display.o
 .debug_macro   0x0000000000001346       0x1c ./Core/Src/display.o
 .debug_macro   0x0000000000001362       0x22 ./Core/Src/display.o
 .debug_macro   0x0000000000001384       0xc3 ./Core/Src/display.o
 .debug_macro   0x0000000000001447      0xd23 ./Core/Src/display.o
 .debug_macro   0x000000000000216a     0xde75 ./Core/Src/display.o
 .debug_macro   0x000000000000ffdf       0x6d ./Core/Src/display.o
 .debug_macro   0x000000000001004c     0x348d ./Core/Src/display.o
 .debug_macro   0x00000000000134d9      0x174 ./Core/Src/display.o
 .debug_macro   0x000000000001364d       0x5c ./Core/Src/display.o
 .debug_macro   0x00000000000136a9      0x5bc ./Core/Src/display.o
 .debug_macro   0x0000000000013c65      0x1b7 ./Core/Src/display.o
 .debug_macro   0x0000000000013e1c      0x1cb ./Core/Src/display.o
 .debug_macro   0x0000000000013fe7      0x114 ./Core/Src/display.o
 .debug_macro   0x00000000000140fb      0x1b2 ./Core/Src/display.o
 .debug_macro   0x00000000000142ad       0x27 ./Core/Src/display.o
 .debug_macro   0x00000000000142d4      0x12f ./Core/Src/display.o
 .debug_macro   0x0000000000014403      0x1bc ./Core/Src/display.o
 .debug_macro   0x00000000000145bf       0x34 ./Core/Src/display.o
 .debug_macro   0x00000000000145f3       0x3c ./Core/Src/display.o
 .debug_macro   0x000000000001462f       0x57 ./Core/Src/display.o
 .debug_macro   0x0000000000014686       0x87 ./Core/Src/display.o
 .debug_macro   0x000000000001470d      0x183 ./Core/Src/display.o
 .debug_macro   0x0000000000014890      0x140 ./Core/Src/display.o
 .debug_macro   0x00000000000149d0      0x8ed ./Core/Src/display.o
 .debug_macro   0x00000000000152bd       0x69 ./Core/Src/display.o
 .debug_macro   0x0000000000015326      0x100 ./Core/Src/display.o
 .debug_macro   0x0000000000015426       0x22 ./Core/Src/display.o
 .debug_macro   0x0000000000015448      0x1e8 ./Core/Src/display7SEG.o
 .debug_macro   0x0000000000015630      0x1e8 ./Core/Src/fsm_automatic.o
 .debug_macro   0x0000000000015818      0x1e4 ./Core/Src/global.o
 .debug_macro   0x00000000000159fc      0x1ee ./Core/Src/input_processing.o
 .debug_macro   0x0000000000015bea      0x204 ./Core/Src/input_reading.o
 .debug_macro   0x0000000000015dee      0x1ec ./Core/Src/main.o
 .debug_macro   0x0000000000015fda      0x1e8 ./Core/Src/software_timer.o
 .debug_macro   0x00000000000161c2      0x1a6 ./Core/Src/stm32f1xx_hal_msp.o
 .debug_macro   0x0000000000016368      0x1b0 ./Core/Src/stm32f1xx_it.o
 .debug_macro   0x0000000000016518      0x197 ./Core/Src/system_stm32f1xx.o
 .debug_macro   0x00000000000166af      0x1bb ./Drivers/STM32F1xx_HAL_Driver/Src/stm32f1xx_hal.o
 .debug_macro   0x000000000001686a      0x197 ./Drivers/STM32F1xx_HAL_Driver/Src/stm32f1xx_hal_cortex.o
 .debug_macro   0x0000000000016a01      0x202 ./Drivers/STM32F1xx_HAL_Driver/Src/stm32f1xx_hal_gpio.o
 .debug_macro   0x0000000000016c03      0x1a9 ./Drivers/STM32F1xx_HAL_Driver/Src/stm32f1xx_hal_rcc.o
 .debug_macro   0x0000000000016dac      0x198 ./Drivers/STM32F1xx_HAL_Driver/Src/stm32f1xx_hal_tim.o
 .debug_macro   0x0000000000016f44      0x197 ./Drivers/STM32F1xx_HAL_Driver/Src/stm32f1xx_hal_tim_ex.o

.debug_line     0x0000000000000000     0xc7f1
 .debug_line    0x0000000000000000      0x753 ./Core/Src/display.o
 .debug_line    0x0000000000000753      0x80d ./Core/Src/display7SEG.o
 .debug_line    0x0000000000000f60      0x834 ./Core/Src/fsm_automatic.o
 .debug_line    0x0000000000001794      0x6c4 ./Core/Src/global.o
 .debug_line    0x0000000000001e58      0x78d ./Core/Src/input_processing.o
 .debug_line    0x00000000000025e5      0x78e ./Core/Src/input_reading.o
 .debug_line    0x0000000000002d73      0x7f4 ./Core/Src/main.o
 .debug_line    0x0000000000003567      0x70e ./Core/Src/software_timer.o
 .debug_line    0x0000000000003c75      0x6a1 ./Core/Src/stm32f1xx_hal_msp.o
 .debug_line    0x0000000000004316      0x73f ./Core/Src/stm32f1xx_it.o
 .debug_line    0x0000000000004a55      0x6e3 ./Core/Src/system_stm32f1xx.o
 .debug_line    0x0000000000005138       0x86 ./Core/Startup/startup_stm32f103c6ux.o
 .debug_line    0x00000000000051be      0x910 ./Drivers/STM32F1xx_HAL_Driver/Src/stm32f1xx_hal.o
 .debug_line    0x0000000000005ace      0xaf8 ./Drivers/STM32F1xx_HAL_Driver/Src/stm32f1xx_hal_cortex.o
 .debug_line    0x00000000000065c6      0x993 ./Drivers/STM32F1xx_HAL_Driver/Src/stm32f1xx_hal_gpio.o
 .debug_line    0x0000000000006f59      0xd1c ./Drivers/STM32F1xx_HAL_Driver/Src/stm32f1xx_hal_rcc.o
 .debug_line    0x0000000000007c75     0x3346 ./Drivers/STM32F1xx_HAL_Driver/Src/stm32f1xx_hal_tim.o
 .debug_line    0x000000000000afbb     0x1836 ./Drivers/STM32F1xx_HAL_Driver/Src/stm32f1xx_hal_tim_ex.o

.debug_str      0x0000000000000000    0x824e8
 .debug_str     0x0000000000000000    0x7f879 ./Core/Src/display.o
                                      0x7fbc9 (size before relaxing)
 .debug_str     0x000000000007f879       0x91 ./Core/Src/display7SEG.o
                                      0x7fc0c (size before relaxing)
 .debug_str     0x000000000007f90a       0x8b ./Core/Src/fsm_automatic.o
                                      0x7fc00 (size before relaxing)
 .debug_str     0x000000000007f995       0x22 ./Core/Src/global.o
                                      0x7fb6c (size before relaxing)
 .debug_str     0x000000000007f9b7       0xa1 ./Core/Src/input_processing.o
                                      0x7fbeb (size before relaxing)
 .debug_str     0x000000000007fa58      0x128 ./Core/Src/input_reading.o
                                      0x7fccf (size before relaxing)
 .debug_str     0x000000000007fb80      0x6df ./Core/Src/main.o
                                      0x80320 (size before relaxing)
 .debug_str     0x000000000008025f       0x5a ./Core/Src/software_timer.o
                                      0x7fba4 (size before relaxing)
 .debug_str     0x00000000000802b9      0x2ba ./Core/Src/stm32f1xx_hal_msp.o
                                      0x80258 (size before relaxing)
 .debug_str     0x0000000000080573       0xcd ./Core/Src/stm32f1xx_it.o
                                      0x7ffba (size before relaxing)
 .debug_str     0x0000000000080640       0x52 ./Core/Src/system_stm32f1xx.o
                                      0x7f6fc (size before relaxing)
 .debug_str     0x0000000000080692       0x36 ./Core/Startup/startup_stm32f103c6ux.o
                                         0x8b (size before relaxing)
 .debug_str     0x00000000000806c8      0x304 ./Drivers/STM32F1xx_HAL_Driver/Src/stm32f1xx_hal.o
                                      0x7fd53 (size before relaxing)
 .debug_str     0x00000000000809cc      0x300 ./Drivers/STM32F1xx_HAL_Driver/Src/stm32f1xx_hal_cortex.o
                                      0x7fd5b (size before relaxing)
 .debug_str     0x0000000000080ccc      0x311 ./Drivers/STM32F1xx_HAL_Driver/Src/stm32f1xx_hal_gpio.o
                                      0x7fac0 (size before relaxing)
 .debug_str     0x0000000000080fdd      0x24f ./Drivers/STM32F1xx_HAL_Driver/Src/stm32f1xx_hal_rcc.o
                                      0x7faf9 (size before relaxing)
 .debug_str     0x000000000008122c      0xdce ./Drivers/STM32F1xx_HAL_Driver/Src/stm32f1xx_hal_tim.o
                                      0x80ad2 (size before relaxing)
 .debug_str     0x0000000000081ffa      0x4ee ./Drivers/STM32F1xx_HAL_Driver/Src/stm32f1xx_hal_tim_ex.o
                                      0x80283 (size before relaxing)

.comment        0x0000000000000000       0x53
 .comment       0x0000000000000000       0x53 ./Core/Src/display.o
                                         0x54 (size before relaxing)
 .comment       0x0000000000000053       0x54 ./Core/Src/display7SEG.o
 .comment       0x0000000000000053       0x54 ./Core/Src/fsm_automatic.o
 .comment       0x0000000000000053       0x54 ./Core/Src/global.o
 .comment       0x0000000000000053       0x54 ./Core/Src/input_processing.o
 .comment       0x0000000000000053       0x54 ./Core/Src/input_reading.o
 .comment       0x0000000000000053       0x54 ./Core/Src/main.o
 .comment       0x0000000000000053       0x54 ./Core/Src/software_timer.o
 .comment       0x0000000000000053       0x54 ./Core/Src/stm32f1xx_hal_msp.o
 .comment       0x0000000000000053       0x54 ./Core/Src/stm32f1xx_it.o
 .comment       0x0000000000000053       0x54 ./Core/Src/system_stm32f1xx.o
 .comment       0x0000000000000053       0x54 ./Drivers/STM32F1xx_HAL_Driver/Src/stm32f1xx_hal.o
 .comment       0x0000000000000053       0x54 ./Drivers/STM32F1xx_HAL_Driver/Src/stm32f1xx_hal_cortex.o
 .comment       0x0000000000000053       0x54 ./Drivers/STM32F1xx_HAL_Driver/Src/stm32f1xx_hal_gpio.o
 .comment       0x0000000000000053       0x54 ./Drivers/STM32F1xx_HAL_Driver/Src/stm32f1xx_hal_rcc.o
 .comment       0x0000000000000053       0x54 ./Drivers/STM32F1xx_HAL_Driver/Src/stm32f1xx_hal_tim.o
 .comment       0x0000000000000053       0x54 ./Drivers/STM32F1xx_HAL_Driver/Src/stm32f1xx_hal_tim_ex.o

.debug_frame    0x0000000000000000     0x28e0
 .debug_frame   0x0000000000000000       0x98 ./Core/Src/display.o
 .debug_frame   0x0000000000000098       0xcc ./Core/Src/display7SEG.o
 .debug_frame   0x0000000000000164       0x6c ./Core/Src/fsm_automatic.o
 .debug_frame   0x00000000000001d0       0x2c ./Core/Src/global.o
 .debug_frame   0x00000000000001fc       0x34 ./Core/Src/input_processing.o
 .debug_frame   0x0000000000000230       0x88 ./Core/Src/input_reading.o
 .debug_frame   0x00000000000002b8       0xd4 ./Core/Src/main.o
 .debug_frame   0x000000000000038c       0x60 ./Core/Src/software_timer.o
 .debug_frame   0x00000000000003ec       0x80 ./Core/Src/stm32f1xx_hal_msp.o
 .debug_frame   0x000000000000046c      0x120 ./Core/Src/stm32f1xx_it.o
 .debug_frame   0x000000000000058c       0x58 ./Core/Src/system_stm32f1xx.o
 .debug_frame   0x00000000000005e4      0x334 ./Drivers/STM32F1xx_HAL_Driver/Src/stm32f1xx_hal.o
 .debug_frame   0x0000000000000918      0x428 ./Drivers/STM32F1xx_HAL_Driver/Src/stm32f1xx_hal_cortex.o
 .debug_frame   0x0000000000000d40      0x14c ./Drivers/STM32F1xx_HAL_Driver/Src/stm32f1xx_hal_gpio.o
 .debug_frame   0x0000000000000e8c      0x218 ./Drivers/STM32F1xx_HAL_Driver/Src/stm32f1xx_hal_rcc.o
 .debug_frame   0x00000000000010a4     0x11b8 ./Drivers/STM32F1xx_HAL_Driver/Src/stm32f1xx_hal_tim.o
 .debug_frame   0x000000000000225c      0x638 ./Drivers/STM32F1xx_HAL_Driver/Src/stm32f1xx_hal_tim_ex.o
 .debug_frame   0x0000000000002894       0x2c c:/st/stm32cubeide_1.7.0/stm32cubeide/plugins/com.st.stm32cube.ide.mcu.externaltools.gnu-tools-for-stm32.9-2020-q2-update.win32_2.0.0.202105311346/tools/bin/../lib/gcc/arm-none-eabi/9.3.1/../../../../arm-none-eabi/lib/thumb/v7-m/nofp\libc_nano.a(lib_a-init.o)
 .debug_frame   0x00000000000028c0       0x20 c:/st/stm32cubeide_1.7.0/stm32cubeide/plugins/com.st.stm32cube.ide.mcu.externaltools.gnu-tools-for-stm32.9-2020-q2-update.win32_2.0.0.202105311346/tools/bin/../lib/gcc/arm-none-eabi/9.3.1/../../../../arm-none-eabi/lib/thumb/v7-m/nofp\libc_nano.a(lib_a-memset.o)
